// Bun Snapshot v1, https://bun.sh/docs/test/snapshots

exports[`runDoctor — --json output J1: JSON shape stable across clean run 1`] = `
{
  "names": [
    "manifest-schema",
    "lint",
    "lockfile-sync",
    "target-consistency",
    "registry-reachability",
    "frontmatter",
    "bundled-skill",
  ],
  "statuses": [
    "pass",
    "pass",
    "pass",
    "pass",
    "pass",
    "pass",
    "skip",
  ],
  "summaryKeys": [
    "fail",
    "pass",
    "skip",
    "warn",
  ],
}
`;
